// Jest Snapshot v1, https://goo.gl/fbAQLP

exports[`rc-drawer-menu handler is null，open=false 1`] = `null`;

exports[`rc-drawer-menu handler is null，open=true 1`] = `
<div
  class="drawer drawer-left drawer-open"
>
  <div
    class="drawer-mask"
  />
  <div
    class="drawer-content-wrapper"
    style=""
  >
    <div
      class="drawer-content"
    />
  </div>
</div>
`;
